2026-04-03 18:10:50,620 - MemoryArchive - INFO - 
============================================================
2026-04-03 18:10:50,620 - MemoryArchive - INFO - Memory-Plus 归档任务启动
2026-04-03 18:10:50,620 - MemoryArchive - INFO - 启动时间：2026-04-03T18:10:50.620584
2026-04-03 18:10:50,620 - MemoryArchive - INFO - ============================================================

2026-04-03 18:10:50,620 - MemoryArchive - INFO - ============================================================
2026-04-03 18:10:50,620 - MemoryArchive - INFO - 开始记忆归档任务
2026-04-03 18:10:50,620 - MemoryArchive - INFO - ============================================================
2026-04-03 18:10:50,622 - MemoryArchive - INFO - L3 层扫描记录数：0
2026-04-03 18:10:50,622 - MemoryArchive - INFO - 符合归档条件：0 条记录
2026-04-03 18:10:50,622 - MemoryArchive - INFO - 无需要归档的记录
2026-04-03 18:10:50,622 - MemoryArchive - INFO - 
============================================================
2026-04-03 18:10:50,622 - MemoryArchive - INFO - 归档任务完成统计
2026-04-03 18:10:50,622 - MemoryArchive - INFO - ============================================================
2026-04-03 18:10:50,622 - MemoryArchive - INFO - 扫描记录：0 条
2026-04-03 18:10:50,622 - MemoryArchive - INFO - 归档记录：0 条
2026-04-03 18:10:50,622 - MemoryArchive - INFO - 向量索引：0 条
2026-04-03 18:10:50,622 - MemoryArchive - INFO - 删除源文件：0 条
2026-04-03 18:10:50,622 - MemoryArchive - INFO - 错误数：0
2026-04-03 18:10:50,622 - MemoryArchive - INFO - 跳过数：0
2026-04-03 18:10:50,622 - MemoryArchive - INFO - 总耗时：0.00 秒
2026-04-03 18:10:50,622 - MemoryArchive - INFO - ============================================================

