2026-04-03 18:10:50,620 - MemoryDowngrade - INFO - 
============================================================
2026-04-03 18:10:50,620 - MemoryDowngrade - INFO - Memory-Plus 降级任务启动
2026-04-03 18:10:50,620 - MemoryDowngrade - INFO - 启动时间：2026-04-03T18:10:50.620476
2026-04-03 18:10:50,620 - MemoryDowngrade - INFO - ============================================================

2026-04-03 18:10:50,620 - MemoryDowngrade - INFO - ============================================================
2026-04-03 18:10:50,620 - MemoryDowngrade - INFO - 开始 L1→L2 降级检查
2026-04-03 18:10:50,620 - MemoryDowngrade - INFO - ============================================================
2026-04-03 18:10:50,622 - MemoryDowngrade - INFO - L1 层当前记录数：0
2026-04-03 18:10:50,622 - MemoryDowngrade - INFO - L1→L2 降级完成：迁移 0 条记录
2026-04-03 18:10:50,622 - MemoryDowngrade - INFO - ============================================================
2026-04-03 18:10:50,622 - MemoryDowngrade - INFO - 开始 L2→L3 降级检查
2026-04-03 18:10:50,622 - MemoryDowngrade - INFO - ============================================================
2026-04-03 18:10:50,624 - MemoryDowngrade - INFO - L2 层当前记录数：0
2026-04-03 18:10:50,624 - MemoryDowngrade - INFO - L2→L3 降级完成：迁移 0 条记录
2026-04-03 18:10:50,624 - MemoryDowngrade - INFO - 
============================================================
2026-04-03 18:10:50,624 - MemoryDowngrade - INFO - 降级任务完成统计
2026-04-03 18:10:50,624 - MemoryDowngrade - INFO - ============================================================
2026-04-03 18:10:50,624 - MemoryDowngrade - INFO - L1→L2 迁移：0 条
2026-04-03 18:10:50,624 - MemoryDowngrade - INFO - L2→L3 迁移：0 条
2026-04-03 18:10:50,624 - MemoryDowngrade - INFO - 错误数：0
2026-04-03 18:10:50,624 - MemoryDowngrade - INFO - 跳过数：0
2026-04-03 18:10:50,624 - MemoryDowngrade - INFO - 总耗时：0.00 秒
2026-04-03 18:10:50,624 - MemoryDowngrade - INFO - ============================================================

